// Jest Snapshot v1, https://goo.gl/fbAQLP

exports[`Container atom renders correctly 1`] = `
.c0 {
  width: 100%;
  max-width: 1200px;
  margin: auto;
}

@media (min-width:1700px) {
  .c0 {
    max-width: -webkit-fit-content;
    max-width: -moz-fit-content;
    max-width: fit-content;
    padding: 0 50px;
  }
}

<section
  class="c0"
>
  Content
</section>
`;
